[    0.000000] Initializing cgroup subsys cpuset
[    0.000000] Initializing cgroup subsys cpu
[    0.000000] Initializing cgroup subsys cpuacct
[    0.000000] Linux version 4.4.0-203-generic (buildd@lcy01-amd64-027) (gcc version 5.4.0 20160609 (Ubuntu 5.4.0-6ubuntu1~16.04.12) ) #235-Ubuntu SMP Tue Feb 2 02:49:08 UTC 2021 (Ubuntu 4.4.0-203.235-generic 4.4.249)
[    0.000000] Command line: BOOT_IMAGE=/boot/vmlinuz-4.4.0-203-generic root=LABEL=cloudimg-rootfs ro console=tty1 console=ttyS0
[    0.000000] KERNEL supported cpus:
[    0.000000]   Intel GenuineIntel
[    0.000000]   AMD AuthenticAMD
[    0.000000]   Centaur CentaurHauls
[    0.000000] x86/fpu: xstate_offset[2]:  576, xstate_sizes[2]:  256
[    0.000000] x86/fpu: Supporting XSAVE feature 0x01: 'x87 floating point registers'
[    0.000000] x86/fpu: Supporting XSAVE feature 0x02: 'SSE registers'
[    0.000000] x86/fpu: Supporting XSAVE feature 0x04: 'AVX registers'
[    0.000000] x86/fpu: Enabled xstate features 0x7, context size is 832 bytes, using 'standard' format.
[    0.000000] e820: BIOS-provided physical RAM map:
[    0.000000] BIOS-e820: [mem 0x0000000000000000-0x000000000009fbff] usable
[    0.000000] BIOS-e820: [mem 0x000000000009fc00-0x000000000009ffff] reserved
[    0.000000] BIOS-e820: [mem 0x00000000000f0000-0x00000000000fffff] reserved
[    0.000000] BIOS-e820: [mem 0x0000000000100000-0x000000007ffeffff] usable
[    0.000000] BIOS-e820: [mem 0x000000007fff0000-0x000000007fffffff] ACPI data
[    0.000000] BIOS-e820: [mem 0x00000000fec00000-0x00000000fec00fff] reserved
[    0.000000] BIOS-e820: [mem 0x00000000fee00000-0x00000000fee00fff] reserved
[    0.000000] BIOS-e820: [mem 0x00000000fffc0000-0x00000000ffffffff] reserved
[    0.000000] NX (Execute Disable) protection: active
[    0.000000] SMBIOS 2.5 present.
[    0.000000] Hypervisor detected: KVM
[    0.000000] e820: last_pfn = 0x7fff0 max_arch_pfn = 0x400000000
[    0.000000] MTRR: Disabled
[    0.000000] x86/PAT: MTRRs disabled, skipping PAT initialization too.
[    0.000000] CPU MTRRs all blank - virtualized system.
[    0.000000] x86/PAT: Configuration [0-7]: WB  WT  UC- UC  WB  WT  UC- UC  
[    0.000000] found SMP MP-table at [mem 0x0009fff0-0x0009ffff] mapped at [ffff88000009fff0]
[    0.000000] Scanning 1 areas for low memory corruption
[    0.000000] RAMDISK: [mem 0x362dc000-0x37165fff]
[    0.000000] ACPI: Early table checksum verification disabled
[    0.000000] ACPI: RSDP 0x00000000000E0000 000024 (v02 VBOX  )
[    0.000000] ACPI: XSDT 0x000000007FFF0030 00003C (v01 VBOX   VBOXXSDT 00000001 ASL  00000061)
[    0.000000] ACPI: FACP 0x000000007FFF00F0 0000F4 (v04 VBOX   VBOXFACP 00000001 ASL  00000061)
[    0.000000] ACPI: DSDT 0x000000007FFF0470 002325 (v02 VBOX   VBOXBIOS 00000002 INTL 20190509)
[    0.000000] ACPI: FACS 0x000000007FFF0200 000040
[    0.000000] ACPI: FACS 0x000000007FFF0200 000040
[    0.000000] ACPI: APIC 0x000000007FFF0240 00005C (v02 VBOX   VBOXAPIC 00000001 ASL  00000061)
[    0.000000] ACPI: SSDT 0x000000007FFF02A0 0001CC (v01 VBOX   VBOXCPUT 00000002 INTL 20190509)
[    0.000000] No NUMA configuration found
[    0.000000] Faking a node at [mem 0x0000000000000000-0x000000007ffeffff]
[    0.000000] NODE_DATA(0) allocated [mem 0x7ffeb000-0x7ffeffff]
[    0.000000] kvm-clock: Using msrs 4b564d01 and 4b564d00
[    0.000000] kvm-clock: cpu 0, msr 0:7ffe3001, primary cpu clock
[    0.000000] kvm-clock: using sched offset of 3660821501 cycles
[    0.000000] clocksource: kvm-clock: mask: 0xffffffffffffffff max_cycles: 0x1cd42e4dffb, max_idle_ns: 881590591483 ns
[    0.000000] Zone ranges:
[    0.000000]   DMA      [mem 0x0000000000001000-0x0000000000ffffff]
[    0.000000]   DMA32    [mem 0x0000000001000000-0x000000007ffeffff]
[    0.000000]   Normal   empty
[    0.000000]   Device   empty
[    0.000000] Movable zone start for each node
[    0.000000] Early memory node ranges
[    0.000000]   node   0: [mem 0x0000000000001000-0x000000000009efff]
[    0.000000]   node   0: [mem 0x0000000000100000-0x000000007ffeffff]
[    0.000000] Initmem setup node 0 [mem 0x0000000000001000-0x000000007ffeffff]
[    0.000000] ACPI: PM-Timer IO Port: 0x4008
[    0.000000] IOAPIC[0]: apic_id 2, version 32, address 0xfec00000, GSI 0-23
[    0.000000] ACPI: INT_SRC_OVR (bus 0 bus_irq 0 global_irq 2 dfl dfl)
[    0.000000] ACPI: INT_SRC_OVR (bus 0 bus_irq 9 global_irq 9 low level)
[    0.000000] Using ACPI (MADT) for SMP configuration information
[    0.000000] smpboot: Allowing 2 CPUs, 0 hotplug CPUs
[    0.000000] PM: Registered nosave memory: [mem 0x00000000-0x00000fff]
[    0.000000] PM: Registered nosave memory: [mem 0x0009f000-0x0009ffff]
[    0.000000] PM: Registered nosave memory: [mem 0x000a0000-0x000effff]
[    0.000000] PM: Registered nosave memory: [mem 0x000f0000-0x000fffff]
[    0.000000] e820: [mem 0x80000000-0xfebfffff] available for PCI devices
[    0.000000] Booting paravirtualized kernel on KVM
[    0.000000] clocksource: refined-jiffies: mask: 0xffffffff max_cycles: 0xffffffff, max_idle_ns: 7645519600211568 ns
[    0.000000] setup_percpu: NR_CPUS:512 nr_cpumask_bits:512 nr_cpu_ids:2 nr_node_ids:1
[    0.000000] PERCPU: Embedded 33 pages/cpu @ffff88007fc00000 s95640 r8192 d31336 u1048576
[    0.000000] Built 1 zonelists in Node order, mobility grouping on.  Total pages: 515960
[    0.000000] Policy zone: DMA32
[    0.000000] Kernel command line: BOOT_IMAGE=/boot/vmlinuz-4.4.0-203-generic root=LABEL=cloudimg-rootfs ro console=tty1 console=ttyS0
[    0.000000] PID hash table entries: 4096 (order: 3, 32768 bytes)
[    0.000000] Memory: 2029844K/2096696K available (8641K kernel code, 1337K rwdata, 4044K rodata, 1496K init, 1296K bss, 66852K reserved, 0K cma-reserved)
[    0.000000] SLUB: HWalign=64, Order=0-3, MinObjects=0, CPUs=2, Nodes=1
[    0.000000] Kernel/User page tables isolation: enabled
[    0.000000] Hierarchical RCU implementation.
[    0.000000] 	Build-time adjustment of leaf fanout to 64.
[    0.000000] 	RCU restricting CPUs from NR_CPUS=512 to nr_cpu_ids=2.
[    0.000000] RCU: Adjusting geometry for rcu_fanout_leaf=64, nr_cpu_ids=2
[    0.000000] NR_IRQS:33024 nr_irqs:440 16
[    0.000000] Console: colour VGA+ 80x25
[    0.000000] console [tty1] enabled
[    0.000000] console [ttyS0] enabled
[    0.000000] tsc: Detected 2294.660 MHz processor
[    0.169601] Calibrating delay loop (skipped) preset value.. 4589.32 BogoMIPS (lpj=9178640)
[    0.171643] pid_max: default: 32768 minimum: 301
[    0.172708] ACPI: Core revision 20150930
[    0.174735] ACPI: 2 ACPI AML tables successfully acquired and loaded
[    0.176261] Security Framework initialized
[    0.177311] Yama: becoming mindful.
[    0.178187] AppArmor: AppArmor initialized
[    0.180016] Dentry cache hash table entries: 262144 (order: 9, 2097152 bytes)
[    0.181801] Inode-cache hash table entries: 131072 (order: 8, 1048576 bytes)
[    0.184212] Mount-cache hash table entries: 4096 (order: 3, 32768 bytes)
[    0.185730] Mountpoint-cache hash table entries: 4096 (order: 3, 32768 bytes)
[    0.187475] Initializing cgroup subsys io
[    0.188511] Initializing cgroup subsys memory
[    0.189560] Initializing cgroup subsys devices
[    0.190649] Initializing cgroup subsys freezer
[    0.191695] Initializing cgroup subsys net_cls
[    0.192807] Initializing cgroup subsys perf_event
[    0.193901] Initializing cgroup subsys net_prio
[    0.195008] Initializing cgroup subsys hugetlb
[    0.196060] Initializing cgroup subsys pids
[    0.205696] mce: CPU supports 0 MCE banks
[    0.206661] Last level iTLB entries: 4KB 1024, 2MB 1024, 4MB 1024
[    0.208007] Last level dTLB entries: 4KB 1024, 2MB 1024, 4MB 1024, 1GB 4
[    0.209415] Spectre V1 : Mitigation: usercopy/swapgs barriers and __user pointer sanitization
[    0.211317] Spectre V2 : Mitigation: Full generic retpoline
[    0.212570] Spectre V2 : Spectre v2 / SpectreRSB mitigation: Filling RSB on context switch
[    0.214369] Speculative Store Bypass: Vulnerable
[    0.215443] SRBDS: Unknown: Dependent on hypervisor status
[    0.216746] MDS: Mitigation: Clear CPU buffers
[    0.220661] Freeing SMP alternatives memory: 36K
[    0.228478] ftrace: allocating 32366 entries in 127 pages
[    0.295571] smpboot: APIC(0) Converting physical 0 to logical package 0
[    0.297099] smpboot: Max logical packages: 1
[    0.298427] x2apic enabled
[    0.299421] Switched APIC routing to physical x2apic.
[    0.302013] ..TIMER: vector=0x30 apic1=0 pin1=2 apic2=-1 pin2=-1
[    0.411428] smpboot: CPU0: Intel(R) Core(TM) i5-4200U CPU @ 1.60GHz (family: 0x6, model: 0x45, stepping: 0x1)
[    0.413900] Performance Events: unsupported p6 CPU model 69 no PMU driver, software events only.
[    0.428830] KVM setup paravirtual spinlock
[    0.431320] x86: Booting SMP configuration:
[    0.432336] .... node  #0, CPUs:      #1
[    0.433449] kvm-clock: cpu 1, msr 0:7ffe3041, secondary cpu clock
[    0.442442] mce: CPU supports 0 MCE banks
[    0.445036] x86: Booted up 1 node, 2 CPUs
[    0.446477] smpboot: Total of 2 processors activated (9178.64 BogoMIPS)
[    0.448553] devtmpfs: initialized
[    0.451078] evm: security.selinux
[    0.452038] evm: security.SMACK64
[    0.452909] evm: security.SMACK64EXEC
[    0.453886] evm: security.SMACK64TRANSMUTE
[    0.454893] evm: security.SMACK64MMAP
[    0.455884] evm: security.ima
[    0.456691] evm: security.capability
[    0.457877] clocksource: jiffies: mask: 0xffffffff max_cycles: 0xffffffff, max_idle_ns: 7645041785100000 ns
[    0.460234] futex hash table entries: 512 (order: 3, 32768 bytes)
[    0.461790] pinctrl core: initialized pinctrl subsystem
[    0.463182] RTC time:  6:29:10, date: 03/07/21
[    0.464590] NET: Registered protocol family 16
[    0.475345] cpuidle: using governor ladder
[    0.487449] cpuidle: using governor menu
[    0.489531] PCCT header not found.
[    0.491626] ACPI: bus type PCI registered
[    0.493756] acpiphp: ACPI Hot Plug PCI Controller Driver version: 0.5
[    0.497078] PCI: Using configuration type 1 for base access
[    0.512918] ACPI: Added _OSI(Module Device)
[    0.514936] ACPI: Added _OSI(Processor Device)
[    0.517091] ACPI: Added _OSI(3.0 _SCP Extensions)
[    0.519290] ACPI: Added _OSI(Processor Aggregator Device)
[    0.523228] ACPI: Executed 1 blocks of module-level executable AML code
[    0.527694] ACPI: Interpreter enabled
[    0.528635] ACPI: (supports S0 S5)
[    0.529551] ACPI: Using IOAPIC for interrupt routing
[    0.530877] PCI: Using host bridge windows from ACPI; if necessary, use "pci=nocrs" and report a bug
[    0.536874] ACPI: PCI Root Bridge [PCI0] (domain 0000 [bus 00-ff])
[    0.538298] acpi PNP0A03:00: _OSC: OS supports [ASPM ClockPM Segments MSI]
[    0.540206] acpi PNP0A03:00: _OSC: not requesting OS control; OS requires [ExtendedConfig ASPM ClockPM MSI]
[    0.542475] acpi PNP0A03:00: fail to add MMCONFIG information, can't access extended PCI configuration space under this bridge.
[    0.545481] PCI host bridge to bus 0000:00
[    0.546496] pci_bus 0000:00: root bus resource [io  0x0000-0x0cf7 window]
[    0.548123] pci_bus 0000:00: root bus resource [io  0x0d00-0xffff window]
[    0.549667] pci_bus 0000:00: root bus resource [mem 0x000a0000-0x000bffff window]
[    0.551560] pci_bus 0000:00: root bus resource [mem 0x80000000-0xfdffffff window]
[    0.553455] pci_bus 0000:00: root bus resource [bus 00-ff]
[    0.556409] pci 0000:00:01.1: legacy IDE quirk: reg 0x10: [io  0x01f0-0x01f7]
[    0.558027] pci 0000:00:01.1: legacy IDE quirk: reg 0x14: [io  0x03f6]
[    0.559543] pci 0000:00:01.1: legacy IDE quirk: reg 0x18: [io  0x0170-0x0177]
[    0.571473] pci 0000:00:01.1: legacy IDE quirk: reg 0x1c: [io  0x0376]
[    0.604068] pci 0000:00:07.0: quirk: [io  0x4000-0x403f] claimed by PIIX4 ACPI
[    0.605935] pci 0000:00:07.0: quirk: [io  0x4100-0x410f] claimed by PIIX4 SMB
[    0.627816] ACPI: PCI Interrupt Link [LNKA] (IRQs 5 9 10 *11)
[    0.629790] ACPI: PCI Interrupt Link [LNKB] (IRQs 5 9 *10 11)
[    0.631624] ACPI: PCI Interrupt Link [LNKC] (IRQs 5 *9 10 11)
[    0.633418] ACPI: PCI Interrupt Link [LNKD] (IRQs 5 9 10 *11)
[    0.635249] ACPI: Enabled 2 GPEs in block 00 to 07
[    0.636958] vgaarb: setting as boot device: PCI:0000:00:02.0
[    0.638293] vgaarb: device added: PCI:0000:00:02.0,decodes=io+mem,owns=io+mem,locks=none
[    0.640314] vgaarb: loaded
[    0.641085] vgaarb: bridge control possible 0000:00:02.0
[    0.642713] SCSI subsystem initialized
[    0.643811] ACPI: bus type USB registered
[    0.644813] usbcore: registered new interface driver usbfs
[    0.646062] usbcore: registered new interface driver hub
[    0.647336] usbcore: registered new device driver usb
[    0.648933] PCI: Using ACPI for IRQ routing
[    0.650260] NetLabel: Initializing
[    0.651145] NetLabel:  domain hash size = 128
[    0.652167] NetLabel:  protocols = UNLABELED CIPSOv4
[    0.653370] NetLabel:  unlabeled traffic allowed by default
[    0.654724] amd_nb: Cannot enumerate AMD northbridges
[    0.655951] clocksource: Switched to clocksource kvm-clock
[    0.664624] AppArmor: AppArmor Filesystem Enabled
[    0.665802] pnp: PnP ACPI init
[    0.667434] pnp: PnP ACPI: found 3 devices
[    0.679312] clocksource: acpi_pm: mask: 0xffffff max_cycles: 0xffffff, max_idle_ns: 2085701024 ns
[    0.681374] NET: Registered protocol family 2
[    0.682652] TCP established hash table entries: 16384 (order: 5, 131072 bytes)
[    0.684503] TCP bind hash table entries: 16384 (order: 6, 262144 bytes)
[    0.686040] TCP: Hash tables configured (established 16384 bind 16384)
[    0.687555] UDP hash table entries: 1024 (order: 3, 32768 bytes)
[    0.688982] UDP-Lite hash table entries: 1024 (order: 3, 32768 bytes)
[    0.690465] NET: Registered protocol family 1
[    0.691576] pci 0000:00:00.0: Limiting direct PCI/PCI transfers
[    0.692979] pci 0000:00:01.0: Activating ISA DMA hang workarounds
[    0.694494] Unpacking initramfs...
[    0.949928] Freeing initrd memory: 14888K
[    0.951553] RAPL PMU detected, API unit is 2^-32 Joules, 4 fixed counters 10737418240 ms ovfl timer
[    0.953830] hw unit of domain pp0-core 2^-0 Joules
[    0.954974] hw unit of domain package 2^-0 Joules
[    0.956072] hw unit of domain dram 2^-0 Joules
[    0.957165] hw unit of domain pp1-gpu 2^-0 Joules
[    0.958291] clocksource: tsc: mask: 0xffffffffffffffff max_cycles: 0x211380c26b6, max_idle_ns: 440795308313 ns
[    0.960517] platform rtc_cmos: registered platform RTC device (no PNP device found)
[    0.962399] Scanning for low memory corruption every 60 seconds
[    0.964121] audit: initializing netlink subsys (disabled)
[    0.965394] audit: type=2000 audit(1615098555.306:1): initialized
[    0.967114] Initialise system trusted keyring
[    0.968411] HugeTLB registered 2 MB page size, pre-allocated 0 pages
[    0.971346] zbud: loaded
[    0.972499] VFS: Disk quotas dquot_6.6.0
[    0.973491] VFS: Dquot-cache hash table entries: 512 (order 0, 4096 bytes)
[    0.975158] squashfs: version 4.0 (2009/01/31) Phillip Lougher
[    0.976709] fuse init (API version 7.23)
[    0.977786] Key type big_key registered
[    0.978760] Allocating IMA MOK and blacklist keyrings.
[    0.981239] Key type asymmetric registered
[    0.982219] Asymmetric key parser 'x509' registered
[    0.983331] Block layer SCSI generic (bsg) driver version 0.4 loaded (major 249)
[    0.985168] io scheduler noop registered
[    0.986111] io scheduler deadline registered (default)
[    0.987316] io scheduler cfq registered
[    0.988372] pci_hotplug: PCI Hot Plug PCI Core version: 0.5
[    0.989635] pciehp: PCI Express Hot Plug Controller Driver version: 0.4
[    0.991372] ACPI: AC Adapter [AC] (on-line)
[    0.992498] input: Power Button as /devices/LNXSYSTM:00/LNXPWRBN:00/input/input0
[    0.994235] ACPI: Power Button [PWRF]
[    0.995266] input: Sleep Button as /devices/LNXSYSTM:00/LNXSLPBN:00/input/input1
[    0.997027] ACPI: Sleep Button [SLPF]
[    0.998796] ACPI: Battery Slot [BAT0] (battery present)
[    1.000018] GHES: HEST is not enabled!
[    1.001133] Serial: 8250/16550 driver, 32 ports, IRQ sharing enabled
[    1.023273] 00:02: ttyS0 at I/O 0x3f8 (irq = 4, base_baud = 115200) is a 16550A
[    1.026361] Linux agpgart interface v0.103
[    1.030049] loop: module loaded
[    1.031536] scsi host0: ata_piix
[    1.032605] scsi host1: ata_piix
[    1.033502] ata1: PATA max UDMA/33 cmd 0x1f0 ctl 0x3f6 bmdma 0xd000 irq 14
[    1.034870] ata2: PATA max UDMA/33 cmd 0x170 ctl 0x376 bmdma 0xd008 irq 15
[    1.036464] libphy: Fixed MDIO Bus: probed
[    1.037476] tun: Universal TUN/TAP device driver, 1.6
[    1.038607] tun: (C) 1999-2004 Max Krasnyansky <maxk@qualcomm.com>
[    1.039972] PPP generic driver version 2.4.2
[    1.041087] ehci_hcd: USB 2.0 'Enhanced' Host Controller (EHCI) Driver
[    1.042580] ehci-pci: EHCI PCI platform driver
[    1.043608] ehci-platform: EHCI generic platform driver
[    1.045537] ohci_hcd: USB 1.1 'Open' Host Controller (OHCI) Driver
[    1.047851] ohci-pci: OHCI PCI platform driver
[    1.049157] ohci-platform: OHCI generic platform driver
[    1.050450] uhci_hcd: USB Universal Host Controller Interface driver
[    1.051984] i8042: PNP: PS/2 Controller [PNP0303:PS2K,PNP0f03:PS2M] at 0x60,0x64 irq 1,12
[    1.054695] serio: i8042 KBD port at 0x60,0x64 irq 1
[    1.055905] serio: i8042 AUX port at 0x60,0x64 irq 12
[    1.057293] mousedev: PS/2 mouse device common for all mice
[    1.059207] rtc_cmos rtc_cmos: rtc core: registered rtc_cmos as rtc0
[    1.060817] input: AT Translated Set 2 keyboard as /devices/platform/i8042/serio0/input/input2
[    1.063048] rtc_cmos rtc_cmos: alarms up to one day, 114 bytes nvram
[    1.064688] i2c /dev entries driver
[    1.065653] device-mapper: uevent: version 1.0.3
[    1.066847] device-mapper: ioctl: 4.34.0-ioctl (2015-10-28) initialised: dm-devel@redhat.com
[    1.069001] ledtrig-cpu: registered to indicate activity on CPUs
[    1.070864] NET: Registered protocol family 10
[    1.072306] NET: Registered protocol family 17
[    1.073412] Key type dns_resolver registered
[    1.074719] registered taskstats version 1
[    1.075782] Loading compiled-in X.509 certificates
[    1.077749] Loaded X.509 cert 'Build time autogenerated kernel key: c0f1dd89d7e09a1955be4fde7c6f946674683c10'
[    1.080084] zswap: loaded using pool lzo/zbud
[    1.083668] Key type trusted registered
[    1.088778] Key type encrypted registered
[    1.089921] AppArmor: AppArmor sha1 policy hashing enabled
[    1.091360] ima: No TPM chip found, activating TPM-bypass!
[    1.092842] ima: Allocated hash algorithm: sha1
[    1.094095] evm: HMAC attrs: 0x1
[    1.095479]   Magic number: 13:67:468
[    1.096611] rtc_cmos rtc_cmos: setting system clock to 2021-03-07 06:29:10 UTC (1615098550)
[    1.098830] BIOS EDD facility v0.16 2004-Jun-25, 0 devices found
[    1.100226] EDD information not available.
[    1.218645] Freeing unused kernel memory: 1496K
[    1.219805] Write protecting the kernel read-only data: 14336k
[    1.221741] Freeing unused kernel memory: 1588K
[    1.223061] Freeing unused kernel memory: 52K
Loading, please wait...
starting version 229
[    1.243717] random: systemd-udevd: uninitialized urandom read (16 bytes read, 2 bits of entropy available)
[    1.244630] random: udevadm: uninitialized urandom read (16 bytes read, 2 bits of entropy available)
[    1.244661] random: udevadm: uninitialized urandom read (16 bytes read, 2 bits of entropy available)
[    1.253217] random: systemd-udevd: uninitialized urandom read (16 bytes read, 2 bits of entropy available)
[    1.254873] random: udevadm: uninitialized urandom read (16 bytes read, 2 bits of entropy available)
[    1.254932] random: udevadm: uninitialized urandom read (16 bytes read, 2 bits of entropy available)
[    1.255109] random: udevadm: uninitialized urandom read (16 bytes read, 2 bits of entropy available)
[    1.255201] random: udevadm: uninitialized urandom read (16 bytes read, 2 bits of entropy available)
[    1.255268] random: udevadm: uninitialized urandom read (16 bytes read, 2 bits of entropy available)
[    1.255338] random: udevadm: uninitialized urandom read (16 bytes read, 2 bits of entropy available)
[    1.308600] e1000: Intel(R) PRO/1000 Network Driver - version 7.3.21-k8-NAPI
[    1.310384] e1000: Copyright (c) 1999-2006 Intel Corporation.
[    1.322835] Fusion MPT base driver 3.04.20
[    1.323955] Copyright (c) 1999-2008 LSI Corporation
[    1.331238] Fusion MPT SPI Host driver 3.04.20
[    1.345560] AVX2 version of gcm_enc/dec engaged.
[    1.346922] AES CTR mode by8 optimization enabled
[    1.525575] input: ImExPS/2 Generic Explorer Mouse as /devices/platform/i8042/serio1/input/input4
[    1.675369] e1000 0000:00:03.0 eth0: (PCI:33MHz:32-bit) 02:49:cb:75:7f:af
[    1.677012] e1000 0000:00:03.0 eth0: Intel(R) PRO/1000 Network Connection
[    2.049255] e1000 0000:00:08.0 eth1: (PCI:33MHz:32-bit) 08:00:27:36:f5:39
[    2.051196] e1000 0000:00:08.0 eth1: Intel(R) PRO/1000 Network Connection
[    2.054432] e1000 0000:00:08.0 enp0s8: renamed from eth1
[    2.055952] mptbase: ioc0: Initiating bringup
[    2.068213] e1000 0000:00:03.0 enp0s3: renamed from eth0
[    2.124771] ioc0: LSI53C1030 A0: Capabilities={Initiator}
[    2.293271] scsi host2: ioc0: LSI53C1030 A0, FwRev=00000000h, Ports=1, MaxQ=256, IRQ=20
[    2.409657] scsi 2:0:0:0: Direct-Access     VBOX     HARDDISK         1.0  PQ: 0 ANSI: 5
[    2.423056] scsi target2:0:0: Beginning Domain Validation
[    2.425189] scsi target2:0:0: Domain Validation skipping write tests
[    2.426632] scsi target2:0:0: Ending Domain Validation
[    2.427921] scsi target2:0:0: asynchronous
[    2.429482] scsi 2:0:1:0: Direct-Access     VBOX     HARDDISK         1.0  PQ: 0 ANSI: 5
[    2.431459] scsi target2:0:1: Beginning Domain Validation
[    2.433522] scsi target2:0:1: Domain Validation skipping write tests
[    2.434985] scsi target2:0:1: Ending Domain Validation
[    2.436383] scsi target2:0:1: asynchronous
[    2.443362] sd 2:0:0:0: Attached scsi generic sg0 type 0
[    2.444832] sd 2:0:0:0: [sda] 83886080 512-byte logical blocks: (42.9 GB/40.0 GiB)
[    2.447313] sd 2:0:1:0: Attached scsi generic sg1 type 0
[    2.448733] sd 2:0:1:0: [sdb] 20480 512-byte logical blocks: (10.5 MB/10.0 MiB)
[    2.450787] sd 2:0:1:0: [sdb] Write Protect is off
[    2.450873] sd 2:0:0:0: [sda] Write Protect is off
[    2.453365] sd 2:0:0:0: [sda] Incomplete mode parameter data
[    2.453421] sd 2:0:1:0: [sdb] Incomplete mode parameter data
[    2.453423] sd 2:0:1:0: [sdb] Assuming drive cache: write through
[    2.457962] sd 2:0:0:0: [sda] Assuming drive cache: write through
[    2.506114]  sda: sda1
[    2.510137] sd 2:0:0:0: [sda] Attached SCSI disk
[    2.524279] sd 2:0:1:0: [sdb] Attached SCSI disk
Begin: Loading essential drivers ... [    4.005765] md: linear personality registered for level -1
[    4.010122] md: multipath personality registered for level -4
[    4.014854] md: raid0 personality registered for level 0
[    4.020804] md: raid1 personality registered for level 1
[    4.096269] raid6: sse2x1   gen()  8393 MB/s
[    4.171763] raid6: sse2x1   xor()  6876 MB/s
[    4.244444] raid6: sse2x2   gen()  8525 MB/s
[    4.315946] raid6: sse2x2   xor()  5170 MB/s
[    4.392291] raid6: sse2x4   gen() 13099 MB/s
[    4.464025] raid6: sse2x4   xor()  8423 MB/s
[    4.535221] raid6: avx2x1   gen() 16146 MB/s
[    4.627735] raid6: avx2x2   gen() 21161 MB/s
[    4.699217] raid6: avx2x4   gen() 21550 MB/s
[    4.700406] raid6: using algorithm avx2x4 gen() 21550 MB/s
[    4.701658] raid6: using avx2x2 recovery algorithm
[    4.704578] xor: automatically using best checksumming function:
[    4.743997]    avx       : 20787.000 MB/sec
[    4.746733] async_tx: api initialized (async)
[    4.759555] md: raid6 personality registered for level 6
[    4.761083] md: raid5 personality registered for level 5
[    4.762516] md: raid4 personality registered for level 4
[    4.771638] md: raid10 personality registered for level 10
done.
Begin: Running /scripts/init-premount ... done.
Begin: Mounting root file system ... Begin: Running /scripts/local-top ... done.
Begin: Running /scripts/local-premount ... [    4.814433] Btrfs loaded
Scanning for Btrfs filesystems
done.
Warning: fsck not present, so skipping root file system
[    4.921855] EXT4-fs (sda1): mounted filesystem with ordered data mode. Opts: (null)
done.
Begin: Running /scripts/local-bottom ... done.
Begin: Running /scripts/init-bottom ... done.
[    5.876252] random: nonblocking pool is initialized
[    5.917036] systemd[1]: systemd 229 running in system mode. (+PAM +AUDIT +SELINUX +IMA +APPARMOR +SMACK +SYSVINIT +UTMP +LIBCRYPTSETUP +GCRYPT +GNUTLS +ACL +XZ -LZ4 +SECCOMP +BLKID +ELFUTILS +KMOD -IDN)
[    5.923360] systemd[1]: Detected virtualization oracle.
[    5.924657] systemd[1]: Detected architecture x86-64.

Welcome to [1mUbuntu 16.04.7 LTS[0m!

[    6.030123] systemd[1]: Set hostname to <ubuntu>.
[    6.049203] systemd[1]: Initializing machine ID from random generator.
[    6.051839] systemd[1]: Installed transient /etc/machine-id file.
[    7.249963] systemd[1]: Listening on Journal Audit Socket.
[[0;32m  OK  [0m] Listening on Journal Audit Socket.
[    7.252529] systemd[1]: Started Forward Password Requests to Wall Directory Watch.
[[0;32m  OK  [0m] Started Forward Password Requests to Wall Directory Watch.
[    7.255653] systemd[1]: Listening on Device-mapper event daemon FIFOs.
[[0;32m  OK  [0m] Listening on Device-mapper event daemon FIFOs.
[    7.258318] systemd[1]: Listening on udev Kernel Socket.
[[0;32m  OK  [0m] Listening on udev Kernel Socket.
[    7.260602] systemd[1]: Listening on LVM2 metadata daemon socket.
[[0;32m  OK  [0m] Listening on LVM2 metadata daemon socket.
[    7.263230] systemd[1]: Set up automount Arbitrary Executable File Formats File System Automount Point.
[[0;32m  OK  [0m] Set up automount Arbitrary Executab...ats File System Automount Point.
[    7.266515] systemd[1]: Reached target System Time Synchronized.
[[0;32m  OK  [0m] Reached target System Time Synchronized.
[    7.268826] systemd[1]: Listening on Syslog Socket.
[[0;32m  OK  [0m] Listening on Syslog Socket.
[    7.270726] systemd[1]: Listening on Journal Socket (/dev/log).
[[0;32m  OK  [0m] Listening on Journal Socket (/dev/log).
[    7.273216] systemd[1]: Reached target Encrypted Volumes.
[[0;32m  OK  [0m] Reached target Encrypted Volumes.
[    7.275173] systemd[1]: Reached target Swap.
[[0;32m  OK  [0m] Reached target Swap.
[    7.277108] systemd[1]: Listening on /dev/initctl Compatibility Named Pipe.
[[0;32m  OK  [0m] Listening on /dev/initctl Compatibility Named Pipe.
[    7.284732] systemd[1]: Created slice System Slice.
[[0;32m  OK  [0m] Created slice System Slice.
[    7.287513] systemd[1]: Created slice system-serial\x2dgetty.slice.
[[0;32m  OK  [0m] Created slice system-serial\x2dgetty.slice.
[    7.289969] systemd[1]: Listening on udev Control Socket.
[[0;32m  OK  [0m] Listening on udev Control Socket.
[    7.292087] systemd[1]: Listening on LVM2 poll daemon socket.
[[0;32m  OK  [0m] Listening on LVM2 poll daemon socket.
[    7.294489] systemd[1]: Listening on Journal Socket.
[[0;32m  OK  [0m] Listening on Journal Socket.
[    7.308535] systemd[1]: Starting Create list of required static device nodes for the current kernel...
         Starting Create list of required st... nodes for the current kernel...
[    7.321638] systemd[1]: Starting Set console keymap...
         Starting Set console keymap...
[    7.328592] systemd[1]: Mounting Huge Pages File System...
         Mounting Huge Pages File System...
[    7.334524] systemd[1]: Starting Journal Service...
         Starting Journal Service...
[    7.338156] systemd[1]: Starting Uncomplicated firewall...
         Starting Uncomplicated firewall...
[    7.448972] systemd[1]: Starting Load Kernel Modules...
         Starting Load Kernel Modules...
[    7.458668] systemd[1]: Mounting Debug File System...
         Mounting Debug File System...
[    7.463638] systemd[1]: Starting Remount Root and Kernel File Systems...
         Starting Remount Root and Kernel File Systems...
[    7.467575] systemd[1]: Starting Monitoring of LVM2 mirrors, snapshots etc. using dmeventd or progress polling...
         Starting Monitoring of LVM2 mirrors... dmeventd or progress polling...
[    7.472626] systemd[1]: Created slice User and Session Slice.
[[0;32m  OK  [0m] Created slice User and Session Slice.
[    7.475073] systemd[1]: Reached target Slices.
[[0;32m  OK  [0m] Reached target Slices.
[    7.477046] systemd[1]: Started Trigger resolvconf update for networkd DNS.
[[0;32m  OK  [0m] Started Trigger resolvconf update for networkd DNS.
[    7.481070] systemd[1]: Mounting POSIX Message Queue File System...
         Mounting POSIX Message Queue File System...
[    7.484483] systemd[1]: Reached target User and Group Name Lookups.
[[0;32m  OK  [0m] Reached target User and Group Name Lookups.
[    7.493531] systemd[1]: Starting Nameserver information manager...
         Starting Nameserver information manager...
[    7.516408] EXT4-fs (sda1): re-mounted. Opts: (null)
[    7.529828] systemd[1]: Mounted Huge Pages File System.
[[0;32m  OK  [0m] Mounted Huge Pages File System.
[    7.533198] systemd[1]: Mounted Debug File System.
[[0;32m  OK  [0m] Mounted Debug File System.
[    7.537446] systemd[1]: Mounted POSIX Message Queue File System.
[[0;32m  OK  [0m] Mounted POSIX Message Queue File System.
[    7.542898] systemd[1]: Started Create list of required static device nodes for the current kernel.
[[0;32m  OK  [0m] Started Create list of required sta...ce nodes for the current kernel.
[    7.547727] systemd[1]: Started Uncomplicated firewall.
[[0;32m  OK  [0m] Started Uncomplicated firewall.
[    7.551024] systemd[1]: Started Remount Root and Kernel File Systems.
[[0;32m  OK  [0m] Started Remount Root and Kernel File Systems.
[    7.564215] systemd[1]: Starting Load/Save Random Seed...
         Starting Load/Save Random Seed...
[    7.616433] systemd[1]: Starting udev Coldplug all Devices...
         Starting udev Coldplug all Devices...
[    7.622398] systemd[1]: Starting Create Static Device Nodes in /dev...
         Starting Create Static Device Nodes in /dev...
[    7.627172] systemd[1]: Started Set console keymap.
[[0;32m  OK  [0m] Started Set console keymap.
[    7.631266] systemd[1]: Started Nameserver information manager.
[[0;32m  OK  [0m] Started Nameserver information manager.
[    7.771601] Loading iSCSI transport class v2.0-870.
[    7.775121] systemd[1]: Started Load/Save Random Seed.
[[0;32m  OK  [0m] Started Load/Save Random Seed.
[    7.788951] systemd[1]: Started Journal Service.
[[0;32m  OK  [0m] Started Journal Service.
         Starting Flush Journal to Persistent Storage...
[    7.847784] iscsi: registered transport (tcp)
[[0;32m  OK  [0m] Started udev Coldplug all Devices.
[    7.959006] systemd-journald[377]: Received request to flush runtime journal from PID 1
[[0;32m  OK  [0m] Started Flush Journal to Persistent Storage.
[[0;32m  OK  [0m] Started LVM2 metadata daemon.
[    8.265883] iscsi: registered transport (iser)
[[0;32m  OK  [0m] Started Load Kernel Modules.
         Starting Apply Kernel Variables...
         Mounting FUSE Control File System...
[[0;32m  OK  [0m] Mounted FUSE Control File System.
[[0;32m  OK  [0m] Started Create Static Device Nodes in /dev.
         Starting udev Kernel Device Manager...
[[0;32m  OK  [0m] Started Apply Kernel Variables.
[[0;32m  OK  [0m] Started udev Kernel Device Manager.
[[0;32m  OK  [0m] Started Dispatch Password Requests to Console Directory Watch.
[[0;32m  OK  [0m] Started Monitoring of LVM2 mirrors,...ng dmeventd or progress polling.
[[0;32m  OK  [0m] Reached target Local File Systems (Pre).
[[0;32m  OK  [0m] Reached target Local File Systems.
         Starting Create Volatile Files and Directories...
         Starting LSB: AppArmor initialization...
         Starting Set console font and keymap...
         Starting Initial cloud-init job (pre-networking)...
         Starting Commit a transient machine-id on disk...
         Starting Tell Plymouth To Write Out Runtime Data...
[[0;32m  OK  [0m] Started Commit a transient machine-id on disk.
[[0;32m  OK  [0m] Started Tell Plymouth To Write Out Runtime Data.
[[0;32m  OK  [0m] Started Create Volatile Files and Directories.
         Starting Update UTMP about System Boot/Shutdown...
[[0;32m  OK  [0m] Found device /dev/ttyS0.
[[0;32m  OK  [0m] Listening on Load/Save RF Kill Switch Status /dev/rfkill Watch.
[[0;32m  OK  [0m] Started Update UTMP about System Boot/Shutdown.
[[0;32m  OK  [0m] Started Set console font and keymap.
[[0;32m  OK  [0m] Created slice system-getty.slice.
[[0;32m  OK  [0m] Started LSB: AppArmor initialization.
         Starting Load AppArmor profiles managed internally by snapd...
[[0;32m  OK  [0m] Started Load AppArmor profiles managed internally by snapd.
[   15.445515] cloud-init[485]: Cloud-init v. 20.4.1-0ubuntu1~16.04.1 running 'init-local' at Sun, 07 Mar 2021 06:29:24 +0000. Up 14.66 seconds.
[[0;32m  OK  [0m] Started Initial cloud-init job (pre-networking).
[[0;32m  OK  [0m] Reached target Network (Pre).
         Starting Raise network interfaces...
[[0;32m  OK  [0m] Started Raise network interfaces.
[[0;32m  OK  [0m] Reached target Network.
         Starting Initial cloud-init job (metadata service crawler)...
[   17.842697] cloud-init[957]: Cloud-init v. 20.4.1-0ubuntu1~16.04.1 running 'init' at Sun, 07 Mar 2021 06:29:25 +0000. Up 16.23 seconds.
[   17.846200] cloud-init[957]: ci-info: ++++++++++++++++++++++++++++++++++++++Net device info+++++++++++++++++++++++++++++++++++++++
[   17.848523] cloud-init[957]: ci-info: +--------+-------+----------------------------+---------------+--------+-------------------+
[   17.857021] cloud-init[957]: ci-info: | Device |   Up  |          Address           |      Mask     | Scope  |     Hw-Address    |
[   17.858691] cloud-init[957]: ci-info: +--------+-------+----------------------------+---------------+--------+-------------------+
[   17.868965] cloud-init[957]: ci-info: | enp0s3 |  True |         10.0.2.15          | 255.255.255.0 | global | 02:49:cb:75:7f:af |
[   17.870711] cloud-init[957]: ci-info: | enp0s3 |  True | fe80::49:cbff:fe75:7faf/64 |       .       |  link  | 02:49:cb:75:7f:af |
[   17.881093] cloud-init[957]: ci-info: | enp0s8 | False |             .              |       .       |   .    | 08:00:27:36:f5:39 |
[   17.901296] cloud-init[957]: ci-info: |   lo   |  True |         127.0.0.1          |   255.0.0.0   |  host  |         .         |
[   17.915531] cloud-init[957]: ci-info: |   lo   |  True |          ::1/128           |       .       |  host  |         .         |[[0;32m  OK  [0m] Started Initial cloud-init job (metadata service crawler).
[[0;32m  OK  [0m] Reached target Cloud-config availability.
[[0;32m  OK  [0m] Reached target System Initialization.
[[0;32m  OK  [0m] Started Message of the Day.
         Starting Socket activation for snappy daemon.

[   17.922127] [[0;32m  OK  [0m] Started ACPI Events Check.
[[0;32m  OK  [0m] Reached target Paths.
[[0;32m  OK  [0m] Listening on UUID daemon activation socket.
[[0;32m  OK  [0m] Listening on ACPID Listen Socket.
[[0;32m  OK  [0m] Started Daily Cleanup of Temporary Directories.
cloud-init[957]: ci-info: +--------+-------+----------------------------+---------------+--------+-------------------+
[   17.932466]          Starting LXD - unix socket.
[[0;32m  OK  [0m] Started Daily apt download activities.
[[0;32m  OK  [0m] Started Daily apt upgrade and clean activities.
[[0;32m  OK  [0m] Reached target Timers.
[[0;32m  OK  [0m] Listening on D-Bus System Message Bus Socket.
[[0;32m  OK  [0m] Reached target Network is Online.
cloud-init[957]: ci-info: +++++++++++++++++++++++++++Route IPv4 info++++++++++++++++++++++++++++
[   17.939079] cloud-init[957]: ci-info: +-------+-------------+----------+---------------+-----------+-------+
[   17.940685] cloud-init[957]: ci-info: | Route | Destination | Gateway  |    Genmask    | Interface | Flags |
[   17.942108] cloud-init[957]: ci-info: +-------+-------------+----------+---------------+-----------+-------+
[   17.943567] cloud-init[957]: ci-info: |   0   |   0.0.0.0   | 10.0.2.2 |    0.0.0.0    |   enp0s3  |   UG  |
[   17.945031] cloud-init[957]: ci-info: |   1   |   10.0.2.0  | 0.0.0.0  | 255.255.255.0 |   enp0s3  |   U   |
[   17.946385] cloud-init[957]: ci-info: +-------+-------------+----------+---------------+-----------+-------+
[   17.947684] cloud-init[957]: ci-info: +++++++++++++++++++Route IPv6 info+++++++++++++++++++
[   17.950803]          Starting iSCSI initiator daemon (iscsid)...
cloud-init[957]: ci-info: +-------+-------------+---------+-----------+-------+[[0;32m  OK  [0m] Listening on Socket activation for snappy daemon.
[[0;32m  OK  [0m] Listening on LXD - unix socket.
[[0;32m  OK  [0m] Reached target Sockets.
[[0;32m  OK  [0m] Reached target Basic System.

         Starting LXD - container startup/shutdown...
[   17.958062] cloud-init[957]: ci-info: | Route | Destination | Gateway | Interface | Flags |
[   17.960306] cloud-init[957]: ci-info: +-------+-------------+---------+-----------+-------+
[   17.961792] cloud-init[957]: ci-info: |   0   |  fe80::/64  |    ::   |   enp0s3  |   U   |
[   17.963191] cloud-init[957]: ci-info: |   3   |   ff00::/8  |    ::   |   enp0s3  |   U   |
[   17.964439] cloud-init[957]: ci-info: +-------+-------------+---------+-----------+-------+
[   17.965695] cloud-init[957]: Generating public/private rsa key pair.
[   17.966772] cloud-init[957]: Your identification has been saved in /etc/ssh/ssh_host_rsa_key.
[   17.968236] cloud-init[957]: Your public key has been saved in /etc/ssh/ssh_host_rsa_key.pub.
[   17.969630] cloud-init[957]: The key fingerprint is:
[   17.970583] cloud-init[957]: SHA256:PMbMJl24EMPrgtZMxw9uRFzqm7ZF/ZM+Cvb8uiSgWFI root@ubuntu-xenial
[   17.976375] cloud-init[957]: The key's randomart image is:
[   17.978111] cloud-init[957]: +---[RSA 2048]----+
[   17.984880] cloud-init[957]: |     oo..        |
[   17.986344] cloud-init[957]: |      ++ .       |
[   17.992513] cloud-init[957]: |    Eoo.. .      |
[   17.994133] cloud-init[957]: |   ...*B +       |
[   17.995505] cloud-init[957]: |  .=.=+oS .      |
[   17.996840] cloud-init[957]: |  o++.+O.. . .   |
[   17.997919] cloud-init[957]: | .. .o+ = . +    |
[   17.999229] cloud-init[957]: |     . + * ...   |
[   18.000548] cloud-init[957]: |      .   *=o.   |
[   18.001814] cloud-init[957]: +----[SHA256]-----+
[   18.002953] cloud-init[957]: Generating public/private dsa key pair.
[   18.012499] cloud-init[957]: Your identification has been saved in /etc/ssh/ssh_host_dsa_key.
[   18.013923] cloud-init[957]: Your public key has been saved in /etc/ssh/ssh_host_dsa_key.pub.
[   18.015298] cloud-init[957]: The key fingerprint is:
[   18.024513] cloud-init[957]: SHA256:ewZp2qv3rl6NqITebboi2ZUahIXimN438PIa4O1s91Y root@ubuntu-xenial
[   18.032522] cloud-init[957]: The key's randomart image is:
[   18.040624] [[0;32m  OK  [0m] Started ACPI event daemon.
cloud-init[957]: +---[DSA 1024]----+
[   18.043238]          Starting Accounts Service...
cloud-init[957]: |   .             |
[   18.045374]          Starting LSB: MD monitoring daemon...
cloud-init[957]: |. . .            |
[   18.046956] cloud-init[957]: |oo o             |
[   18.049570] cloud-init[957]: |o....    .       |
[   18.056576] cloud-init[957]: |....o  .S        |
[   18.057722] cloud-init[957]: |..oo.=o+ E o     |
[   18.064541] cloud-init[957]: | . ==++ = = .    |
[   18.072499] cloud-init[957]: |  =o== +o=       |
[   18.080539] cloud-init[957]: |  .=+.OO=+o      |
[   18.082259] cloud-init[957]: +----[SHA256]-----+
[   18.084312] cloud-init[957]: Generating public/private ecdsa key pair.
[   18.086731] cloud-init[957]: Your identification has been saved in /etc/ssh/ssh_host_ecdsa_key.
[   18.089490] cloud-init[957]: Your public key has been saved in /etc/ssh/ssh_host_ecdsa_key.pub.
[   18.096658]          Starting Pollinate to seed the pseudo random number generator...
cloud-init[957]: The key fingerprint is:[[0;32m  OK  [0m] Started D-Bus System Message Bus.

[   18.099531] cloud-init[957]: SHA256:3YHqHwlljLnUZ5wmqAj14MXsKvxj/VindrUqwJQ6vYc root@ubuntu-xenial
[   18.101298] cloud-init[957]: The key's randomart image is:
[   18.102462] cloud-init[957]: +---[ECDSA 256]---+
[   18.103560] cloud-init[957]: |    oo.          |
[   18.105253] cloud-init[957]: |   o +o  * o .   |
[   18.106628] cloud-init[957]: |  . ....= B B    |
[   18.107710] cloud-init[957]: |   . .+o * * .   |
[   18.116577] cloud-init[957]: | .  .*. S . .    |
[   18.117645] cloud-init[957]: |  o + +. . ..    |
[   18.124582] cloud-init[957]: |   o o +o +. .   |
[   18.125628] cloud-init[957]: |    + Eo++...    |
[   18.132540] cloud-init[957]: |   . ..+ooo.     |
[   18.134256] cloud-init[957]: +----[SHA256]-----+
[   18.135932] cloud-init[957]: Generating public/private ed25519 key pair.
[   18.138095] cloud-init[957]: Your identification has been saved in /etc/ssh/ssh_host_ed25519_key.
[   18.140445] cloud-init[957]: Your public key has been saved in /etc/ssh/ssh_host_ed25519_key.pub.
[   18.148558] cloud-init[957]: The key fingerprint is:
[   18.149630] cloud-init[957]: SHA256:zKJZ1BCnZ6JFX4FwhYywDhiiTHnzW1dv2rwBP+flGxE root@ubuntu-xenial
[   18.151346] cloud-init[957]: The key's randomart image is:
[   18.152974] cloud-init[957]: +--[ED25519 256]--+
[   18.154047] cloud-init[957]: |o.. ..==o++.     |
[   18.155082] cloud-init[957]: |=+ o o.B+. .     |
[   18.156594] cloud-init[957]: |o.o + = = . .  E |
[   18.157642] cloud-init[957]: |   o = B . . o  .|
[   18.158656] cloud-init[957]: |    o = S   B  . |
[   18.159772] cloud-init[957]: |     = .   . * .o|
[   18.160688] cloud-init[957]: |    o         *o.|
[   18.161663] cloud-init[957]: |             . .o|
[   18.168513] cloud-init[957]: |               ..|
[   18.169592] cloud-init[957]: +----[SHA256]-----+
         Starting Snap Daemon...
         Starting Virtualbox guest utils...
         Starting LSB: Record successful boot for GRUB...
[[0;32m  OK  [0m] Started Deferred execution scheduler.
         Starting /etc/rc.local Compatibility...
[[0;32m  OK  [0m] Started Regular background program processing daemon.
[[0;32m  OK  [0m] Started FUSE filesystem for LXC.
         Starting Login Service...
         Starting System Logging Service...
[[0;32m  OK  [0m] Started /etc/rc.local Compatibility.
[[0;32m  OK  [0m] Started Login Service.
[[0;32m  OK  [0m] Started Unattended Upgrades Shutdown.
[[0;32m  OK  [0m] Started iSCSI initiator daemon (iscsid).
         Starting Login to default iSCSI targets...
[[0;32m  OK  [0m] Started LSB: MD monitoring daemon.
[[0;32m  OK  [0m] Started LSB: Record successful boot for GRUB.
         Starting Authenticate and Authorize Users to Run Privileged Tasks...
[[0;32m  OK  [0m] Started System Logging Service.
[[0;32m  OK  [0m] Started Login to default iSCSI targets.
[[0;32m  OK  [0m] Reached target Remote File Systems (Pre).
[[0;32m  OK  [0m] Reached target Remote File Systems.
         Starting LSB: Set the CPU Frequency Scaling governor to "ondemand"...
         Starting LSB: daemon to balance interrupts for SMP systems...
         Starting LSB: automatic crash report generation...
         Starting Permit User Sessions...
[[0;32m  OK  [0m] Started LSB: Set the CPU Frequency Scaling governor to "ondemand".
[[0;32m  OK  [0m] Started Permit User Sessions.
         Starting Terminate Plymouth Boot Screen...
         Starting Hold until boot process finishes up...
[[0;32m  OK  [0m] Started Hold until boot process finishes up.
         Starting Set console scheme...
[[0;32m  OK  [0m] Started Serial Getty on ttyS0.
[[0;32m  OK  [0m] Started Getty on tty1.
[[0;32m  OK  [0m] Reached target Login Prompts.
[[0;32m  OK  [0m] Started Terminate Plymouth Boot Screen.
[[0;32m  OK  [0m] Started LSB: daemon to balance interrupts for SMP systems.
[[0;32m  OK  [0m] Started Set console scheme.
[[0;32m  OK  [0m] Started LSB: automatic crash report generation.
[[0;32m  OK  [0m] Started Authenticate and Authorize Users to Run Privileged Tasks.
[[0;32m  OK  [0m] Started Accounts Service.
[[0;32m  OK  [0m] Started Virtualbox guest utils.
[[0;32m  OK  [0m] Started LXD - container startup/shutdown.
[[0;32m  OK  [0m] Started Pollinate to seed the pseudo random number generator.
         Starting OpenBSD Secure Shell server...
[[0;32m  OK  [0m] Started OpenBSD Secure Shell server.
[[0;32m  OK  [0m] Created slice User Slice of vagrant.
         Starting User Manager for UID 1000...
[[0;32m  OK  [0m] Started Session 1 of user vagrant.
[[0;32m  OK  [0m] Started Snap Daemon.
         Starting Wait until snapd is fully seeded...
[[0;32m  OK  [0m] Started User Manager for UID 1000.

Ubuntu 16.04.7 LTS ubuntu-xenial ttyS0

ubuntu-xenial login: [   32.066329] cloud-init[1591]: Generating locales (this might take a while)...
[   33.602660] cloud-init[1591]:   en_US.UTF-8... done
[   33.604154] cloud-init[1591]: Generation complete.
[   37.476677] cloud-init[1591]: Cloud-init v. 20.4.1-0ubuntu1~16.04.1 running 'modules:config' at Sun, 07 Mar 2021 06:29:41 +0000. Up 31.83 seconds.
ci-info: no authorized SSH keys fingerprints found for user ubuntu.
<14>Mar  7 06:29:47 ec2: 
<14>Mar  7 06:29:47 ec2: #############################################################
<14>Mar  7 06:29:47 ec2: -----BEGIN SSH HOST KEY FINGERPRINTS-----
<14>Mar  7 06:29:47 ec2: 1024 SHA256:ewZp2qv3rl6NqITebboi2ZUahIXimN438PIa4O1s91Y root@ubuntu-xenial (DSA)
<14>Mar  7 06:29:47 ec2: 256 SHA256:3YHqHwlljLnUZ5wmqAj14MXsKvxj/VindrUqwJQ6vYc root@ubuntu-xenial (ECDSA)
<14>Mar  7 06:29:47 ec2: 256 SHA256:zKJZ1BCnZ6JFX4FwhYywDhiiTHnzW1dv2rwBP+flGxE root@ubuntu-xenial (ED25519)
<14>Mar  7 06:29:47 ec2: 2048 SHA256:PMbMJl24EMPrgtZMxw9uRFzqm7ZF/ZM+Cvb8uiSgWFI root@ubuntu-xenial (RSA)
<14>Mar  7 06:29:47 ec2: -----END SSH HOST KEY FINGERPRINTS-----
<14>Mar  7 06:29:47 ec2: #############################################################
-----BEGIN SSH HOST KEY KEYS-----
ecdsa-sha2-nistp256 AAAAE2VjZHNhLXNoYTItbmlzdHAyNTYAAAAIbmlzdHAyNTYAAABBBAEXFPTEVf5NBkApCHgOm4TAdenw216y6tBDkmJFRkGBV6KkG56tZsuI+HpoTe7IH+LwcxB0KZqVTYw7KhF/poA= root@ubuntu-xenial
ssh-ed25519 AAAAC3NzaC1lZDI1NTE5AAAAIKjm0tt+QovuNBOYhWE1QQqvI9ZoNqcCe4kijMe20BAc root@ubuntu-xenial
ssh-rsa AAAAB3NzaC1yc2EAAAADAQABAAABAQDC4fNj+5CPM7kBV4Fsb1A3L5HJrTHnjkj6o+HMtRlQv4CcrirlVJX62vAfxPdGHamKG7HuhGq+n8ZvGTk/GHqlAy7TmPLyzKIF6CFJ1t1VIJVUJQ3+H0Aj1ElI6f7LNByp3blMB1dNT2p+RZ/6MD/C4Fg46X8ODZXeiUqJfV1kXax8UMpIXlO8oJqIXFicxvI/vpy0dG+/mbwVwA9jDCE6hzUmOb24EgHVbp6Yf2DSXGf9VMtexTOw3JCk1fQ3SdjgfRInI/yRjFkEvtC/tErCt14hyGJLUm+YxZ1kBfTTVShbU43otsgRPRucgIfqWXZ0Yv5DJhWgMnMp6/hKDwz/ root@ubuntu-xenial
-----END SSH HOST KEY KEYS-----
[   38.076791] cloud-init[2083]: Cloud-init v. 20.4.1-0ubuntu1~16.04.1 running 'modules:final' at Sun, 07 Mar 2021 06:29:47 +0000. Up 37.85 seconds.
[   38.079680] cloud-init[2083]: ci-info: no authorized SSH keys fingerprints found for user ubuntu.
[   38.081816] cloud-init[2083]: Cloud-init v. 20.4.1-0ubuntu1~16.04.1 finished at Sun, 07 Mar 2021 06:29:47 +0000. Datasource DataSourceNoCloud [seed=/dev/sdb][dsmode=net].  Up 38.06 seconds
